Copyright 1986-2022 Xilinx, Inc. All Rights Reserved. Copyright 2022-2026 Advanced Micro Devices, Inc. All Rights Reserved.
---------------------------------------------------------------------------------------------------------------------------------------------
| Tool Version : Vivado v.2026.1 (lin64) Build 6511674 Tue Jun 16 11:01:26 MDT 2026
| Date         : Sat Aug 22 22:39:55 2026
| Host         : sasi-victus running 64-bit Fedora Linux 44 (Workstation Edition)
| Command      : report_timing_summary -file post_route_timing_summary.rpt
| Design       : snn_eth_top
| Device       : 7a100t-csg324
| Speed File   : -1  PRODUCTION 1.23 2018-06-13
| Design State : Routed
---------------------------------------------------------------------------------------------------------------------------------------------

Timing Summary Report

------------------------------------------------------------------------------------------------
| Timer Settings
| --------------
------------------------------------------------------------------------------------------------

  Enable Multi Corner Analysis               :  Yes
  Enable Pessimism Removal                   :  Yes
  Pessimism Removal Resolution               :  Nearest Common Node
  Enable Input Delay Default Clock           :  No
  Enable Preset / Clear Arcs                 :  No
  Disable Flight Delays                      :  No
  Ignore I/O Paths                           :  No
  Timing Early Launch at Borrowing Latches   :  No
  Borrow Time for Max Delay Exceptions       :  Yes
  Merge Timing Exceptions                    :  Yes
  Inter-SLR Compensation                     :  Conservative

  Corner  Analyze    Analyze    
  Name    Max Paths  Min Paths  
  ------  ---------  ---------  
  Slow    Yes        Yes        
  Fast    Yes        Yes        


------------------------------------------------------------------------------------------------
| Report Methodology
| ------------------
------------------------------------------------------------------------------------------------

No report available as report_methodology has not been run prior. Run report_methodology on the current design for the summary of methodology violations.



check_timing report

Table of Contents
-----------------
1. checking no_clock (0)
2. checking constant_clock (0)
3. checking pulse_width_clock (0)
4. checking unconstrained_internal_endpoints (0)
5. checking no_input_delay (6)
6. checking no_output_delay (11)
7. checking multiple_clock (0)
8. checking generated_clocks (0)
9. checking loops (0)
10. checking partial_input_delay (0)
11. checking partial_output_delay (0)
12. checking latch_loops (0)

1. checking no_clock (0)
------------------------
 There are 0 register/latch pins with no clock.


2. checking constant_clock (0)
------------------------------
 There are 0 register/latch pins with constant_clock.


3. checking pulse_width_clock (0)
---------------------------------
 There are 0 register/latch pins which need pulse_width check


4. checking unconstrained_internal_endpoints (0)
------------------------------------------------
 There are 0 pins that are not constrained for maximum delay.

 There are 0 pins that are not constrained for maximum delay due to constant clock.


5. checking no_input_delay (6)
------------------------------
 There are 6 input ports with no input delay specified. (HIGH)

 There are 0 input ports with no input delay but user has a false path constraint.


6. checking no_output_delay (11)
--------------------------------
 There are 11 ports with no output delay specified. (HIGH)

 There are 0 ports with no output delay but user has a false path constraint

 There are 0 ports with no output delay but with a timing clock defined on it or propagating through it


7. checking multiple_clock (0)
------------------------------
 There are 0 register/latch pins with multiple clocks.


8. checking generated_clocks (0)
--------------------------------
 There are 0 generated clocks that are not connected to a clock source.


9. checking loops (0)
---------------------
 There are 0 combinational loops in the design.


10. checking partial_input_delay (0)
------------------------------------
 There are 0 input ports with partial input delay specified.


11. checking partial_output_delay (0)
-------------------------------------
 There are 0 ports with partial output delay specified.


12. checking latch_loops (0)
----------------------------
 There are 0 combinational latch loops in the design through latch input



------------------------------------------------------------------------------------------------
| Design Timing Summary
| ---------------------
------------------------------------------------------------------------------------------------

    WNS(ns)      TNS(ns)  TNS Failing Endpoints  TNS Total Endpoints      WHS(ns)      THS(ns)  THS Failing Endpoints  THS Total Endpoints     WPWS(ns)     TPWS(ns)  TPWS Failing Endpoints  TPWS Total Endpoints  
    -------      -------  ---------------------  -------------------      -------      -------  ---------------------  -------------------     --------     --------  ----------------------  --------------------  
      1.067        0.000                      0                28134        0.058        0.000                      0                28134        3.750        0.000                       0                 17436  


All user specified timing constraints are met.


------------------------------------------------------------------------------------------------
| Clock Summary
| -------------
------------------------------------------------------------------------------------------------

Clock           Waveform(ns)       Period(ns)      Frequency(MHz)
-----           ------------       ----------      --------------
eth_rx_clk_pin  {0.000 20.000}     40.000          25.000          
eth_tx_clk_pin  {0.000 20.000}     40.000          25.000          
sys_clk_pin     {0.000 5.000}      10.000          100.000         


------------------------------------------------------------------------------------------------
| Intra Clock Table
| -----------------
------------------------------------------------------------------------------------------------

Clock               WNS(ns)      TNS(ns)  TNS Failing Endpoints  TNS Total Endpoints      WHS(ns)      THS(ns)  THS Failing Endpoints  THS Total Endpoints     WPWS(ns)     TPWS(ns)  TPWS Failing Endpoints  TPWS Total Endpoints  
-----               -------      -------  ---------------------  -------------------      -------      -------  ---------------------  -------------------     --------     --------  ----------------------  --------------------  
eth_rx_clk_pin       17.201        0.000                      0                24752        0.058        0.000                      0                24752       19.500        0.000                       0                 16492  
eth_tx_clk_pin       33.432        0.000                      0                  232        0.178        0.000                      0                  232       19.500        0.000                       0                   121  
sys_clk_pin           1.067        0.000                      0                 2810        0.072        0.000                      0                 2810        3.750        0.000                       0                   823  


------------------------------------------------------------------------------------------------
| Inter Clock Table
| -----------------
------------------------------------------------------------------------------------------------

From Clock    To Clock          WNS(ns)      TNS(ns)  TNS Failing Endpoints  TNS Total Endpoints      WHS(ns)      THS(ns)  THS Failing Endpoints  THS Total Endpoints  
----------    --------          -------      -------  ---------------------  -------------------      -------      -------  ---------------------  -------------------  


------------------------------------------------------------------------------------------------
| Other Path Groups Table
| -----------------------
------------------------------------------------------------------------------------------------

Path Group         From Clock         To Clock               WNS(ns)      TNS(ns)  TNS Failing Endpoints  TNS Total Endpoints      WHS(ns)      THS(ns)  THS Failing Endpoints  THS Total Endpoints  
----------         ----------         --------               -------      -------  ---------------------  -------------------      -------      -------  ---------------------  -------------------  
**async_default**  sys_clk_pin        sys_clk_pin              2.683        0.000                      0                  340        0.711        0.000                      0                  340  


------------------------------------------------------------------------------------------------
| Timing Details
| --------------
------------------------------------------------------------------------------------------------


---------------------------------------------------------------------------------------------------
From Clock:  eth_rx_clk_pin
  To Clock:  eth_rx_clk_pin

Setup :            0  Failing Endpoints,  Worst Slack       17.201ns,  Total Violation        0.000ns
Hold  :            0  Failing Endpoints,  Worst Slack        0.058ns,  Total Violation        0.000ns
PW    :            0  Failing Endpoints,  Worst Slack       19.500ns,  Total Violation        0.000ns
---------------------------------------------------------------------------------------------------


Max Delay Paths
--------------------------------------------------------------------------------------
Slack (MET) :             17.201ns  (required time - arrival time)
  Source:                 u_fifo_eth/rx_low_nibble_reg[1]/C
                            (rising edge-triggered cell FDRE clocked by eth_rx_clk_pin  {rise@0.000ns fall@20.000ns period=40.000ns})
  Destination:            u_fifo_eth/rx_buf_reg[941][1]/D
                            (rising edge-triggered cell FDRE clocked by eth_rx_clk_pin  {rise@0.000ns fall@20.000ns period=40.000ns})
  Path Group:             eth_rx_clk_pin
  Path Type:              Setup (Max at Slow Process Corner)
  Requirement:            40.000ns  (eth_rx_clk_pin rise@40.000ns - eth_rx_clk_pin rise@0.000ns)
  Data Path Delay:        22.808ns  (logic 0.456ns (1.999%)  route 22.352ns (98.001%))
  Logic Levels:           0  
  Clock Path Skew:        0.075ns (DCD - SCD + CPR)
    Destination Clock Delay (DCD):    5.082ns = ( 45.082 - 40.000 ) 
    Source Clock Delay      (SCD):    5.194ns
    Clock Pessimism Removal (CPR):    0.188ns
  Clock Uncertainty:      0.035ns  ((TSJ^2 + TIJ^2)^1/2 + DJ) / 2 + PE
    Total System Jitter     (TSJ):    0.071ns
    Total Input Jitter      (TIJ):    0.000ns
    Discrete Jitter          (DJ):    0.000ns
    Phase Error              (PE):    0.000ns

    Location             Delay type                Incr(ns)  Path(ns)    Netlist Resource(s)
  -------------------------------------------------------------------    -------------------
                         (clock eth_rx_clk_pin rise edge)
                                                      0.000     0.000 r  <hidden>
    F15                                               0.000     0.000 r  eth_rx_clk
                         net (fo=0)                   0.000     0.000    eth_rx_clk
    F15                  IBUF (Prop_ibuf_I_O)         1.473     1.473 r  eth_rx_clk_IBUF_inst/O
                         net (fo=1, routed)           2.016     3.488    eth_rx_clk_IBUF
    BUFGCTRL_X0Y16       BUFG (Prop_bufg_I_O)         0.096     3.584 r  eth_rx_clk_IBUF_BUFG_inst/O
                         net (fo=16491, routed)       1.610     5.194    u_fifo_eth/eth_rx_clk_IBUF_BUFG
    SLICE_X52Y149        FDRE                                         r  u_fifo_eth/rx_low_nibble_reg[1]/C
  -------------------------------------------------------------------    -------------------
    SLICE_X52Y149        FDRE (Prop_fdre_C_Q)         0.456     5.650 r  u_fifo_eth/rx_low_nibble_reg[1]/Q
                         net (fo=2044, routed)       22.352    28.002    u_fifo_eth/rx_low_nibble_reg_n_0_[1]
    SLICE_X30Y190        FDRE                                         r  u_fifo_eth/rx_buf_reg[941][1]/D
  -------------------------------------------------------------------    -------------------

                         (clock eth_rx_clk_pin rise edge)
                                                     40.000    40.000 r  <hidden>
    F15                                               0.000    40.000 r  eth_rx_clk
                         net (fo=0)                   0.000    40.000    eth_rx_clk
    F15                  IBUF (Prop_ibuf_I_O)         1.403    41.403 r  eth_rx_clk_IBUF_inst/O
                         net (fo=1, routed)           1.911    43.314    eth_rx_clk_IBUF
    BUFGCTRL_X0Y16       BUFG (Prop_bufg_I_O)         0.091    43.405 r  eth_rx_clk_IBUF_BUFG_inst/O
                         net (fo=16491, routed)       1.677    45.082    u_fifo_eth/eth_rx_clk_IBUF_BUFG
    SLICE_X30Y190        FDRE                                         r  u_fifo_eth/rx_buf_reg[941][1]/C
                         clock pessimism              0.188    45.270    <hidden>
                         clock uncertainty           -0.035    45.234    <hidden>
    SLICE_X30Y190        FDRE (Setup_fdre_C_D)       -0.031    45.203    u_fifo_eth/rx_buf_reg[941][1]
  -------------------------------------------------------------------
                         required time                         45.203    <hidden>
                         arrival time                         -28.002    <hidden>
  -------------------------------------------------------------------
                         slack                                 17.201    <hidden>





Min Delay Paths
--------------------------------------------------------------------------------------
Slack (MET) :             0.058ns  (arrival time - required time)
  Source:                 u_fifo_eth/rx_led_cnt_reg[15]/C
                            (rising edge-triggered cell FDCE clocked by eth_rx_clk_pin  {rise@0.000ns fall@20.000ns period=40.000ns})
  Destination:            u_fifo_eth/rx_led_cnt_reg[16]/D
                            (rising edge-triggered cell FDCE clocked by eth_rx_clk_pin  {rise@0.000ns fall@20.000ns period=40.000ns})
  Path Group:             eth_rx_clk_pin
  Path Type:              Hold (Min at Fast Process Corner)
  Requirement:            0.000ns  (eth_rx_clk_pin rise@0.000ns - eth_rx_clk_pin rise@0.000ns)
  Data Path Delay:        0.543ns  (logic 0.371ns (68.324%)  route 0.172ns (31.676%))
  Logic Levels:           3  (CARRY4=2 LUT4=1)
  Clock Path Skew:        0.351ns (DCD - SCD - CPR)
    Destination Clock Delay (DCD):    2.068ns
    Source Clock Delay      (SCD):    1.467ns
    Clock Pessimism Removal (CPR):    0.250ns

    Location             Delay type                Incr(ns)  Path(ns)    Netlist Resource(s)
  -------------------------------------------------------------------    -------------------
                         (clock eth_rx_clk_pin rise edge)
                                                      0.000     0.000 r  <hidden>
    F15                                               0.000     0.000 r  eth_rx_clk
                         net (fo=0)                   0.000     0.000    eth_rx_clk
    F15                  IBUF (Prop_ibuf_I_O)         0.241     0.241 r  eth_rx_clk_IBUF_inst/O
                         net (fo=1, routed)           0.640     0.881    eth_rx_clk_IBUF
    BUFGCTRL_X0Y16       BUFG (Prop_bufg_I_O)         0.026     0.907 r  eth_rx_clk_IBUF_BUFG_inst/O
                         net (fo=16491, routed)       0.560     1.467    u_fifo_eth/eth_rx_clk_IBUF_BUFG
    SLICE_X50Y149        FDCE                                         r  u_fifo_eth/rx_led_cnt_reg[15]/C
  -------------------------------------------------------------------    -------------------
    SLICE_X50Y149        FDCE (Prop_fdce_C_Q)         0.164     1.631 f  u_fifo_eth/rx_led_cnt_reg[15]/Q
                         net (fo=4, routed)           0.171     1.802    u_fifo_eth/rx_led_cnt_reg[15]
    SLICE_X50Y149        LUT4 (Prop_lut4_I0_O)        0.045     1.847 r  u_fifo_eth/rx_led_cnt[12]_i_2/O
                         net (fo=1, routed)           0.000     1.847    u_fifo_eth/rx_led_cnt[12]_i_2_n_0
    SLICE_X50Y149        CARRY4 (Prop_carry4_S[3]_CO[3])
                                                      0.109     1.956 r  u_fifo_eth/rx_led_cnt_reg[12]_i_1/CO[3]
                         net (fo=1, routed)           0.001     1.957    u_fifo_eth/rx_led_cnt_reg[12]_i_1_n_0
    SLICE_X50Y150        CARRY4 (Prop_carry4_CI_O[0])
                                                      0.053     2.010 r  u_fifo_eth/rx_led_cnt_reg[16]_i_1/O[0]
                         net (fo=1, routed)           0.000     2.010    u_fifo_eth/rx_led_cnt_reg[16]_i_1_n_7
    SLICE_X50Y150        FDCE                                         r  u_fifo_eth/rx_led_cnt_reg[16]/D
  -------------------------------------------------------------------    -------------------

                         (clock eth_rx_clk_pin rise edge)
                                                      0.000     0.000 r  <hidden>
    F15                                               0.000     0.000 r  eth_rx_clk
                         net (fo=0)                   0.000     0.000    eth_rx_clk
    F15                  IBUF (Prop_ibuf_I_O)         0.429     0.429 r  eth_rx_clk_IBUF_inst/O
                         net (fo=1, routed)           0.695     1.123    eth_rx_clk_IBUF
    BUFGCTRL_X0Y16       BUFG (Prop_bufg_I_O)         0.029     1.152 r  eth_rx_clk_IBUF_BUFG_inst/O
                         net (fo=16491, routed)       0.916     2.068    u_fifo_eth/eth_rx_clk_IBUF_BUFG
    SLICE_X50Y150        FDCE                                         r  u_fifo_eth/rx_led_cnt_reg[16]/C
                         clock pessimism             -0.250     1.818    <hidden>
    SLICE_X50Y150        FDCE (Hold_fdce_C_D)         0.134     1.952    u_fifo_eth/rx_led_cnt_reg[16]
  -------------------------------------------------------------------
                         required time                         -1.952    <hidden>
                         arrival time                           2.010    <hidden>
  -------------------------------------------------------------------
                         slack                                  0.058    <hidden>





Pulse Width Checks
--------------------------------------------------------------------------------------
Clock Name:         eth_rx_clk_pin
Waveform(ns):       { 0.000 20.000 }
Period(ns):         40.000
Sources:            { eth_rx_clk }

Check Type        Corner  Lib Pin  Reference Pin  Required(ns)  Actual(ns)  Slack(ns)  Location        Pin
Min Period        n/a     BUFG/I   n/a            2.155         40.000      37.845     BUFGCTRL_X0Y16  eth_rx_clk_IBUF_BUFG_inst/I
Low Pulse Width   Slow    FDRE/C   n/a            0.500         20.000      19.500     SLICE_X30Y94    u_fifo_eth/rx_buf_reg[0][0]/C
High Pulse Width  Slow    FDRE/C   n/a            0.500         20.000      19.500     SLICE_X30Y94    u_fifo_eth/rx_buf_reg[0][0]/C



---------------------------------------------------------------------------------------------------
From Clock:  eth_tx_clk_pin
  To Clock:  eth_tx_clk_pin

Setup :            0  Failing Endpoints,  Worst Slack       33.432ns,  Total Violation        0.000ns
Hold  :            0  Failing Endpoints,  Worst Slack        0.178ns,  Total Violation        0.000ns
PW    :            0  Failing Endpoints,  Worst Slack       19.500ns,  Total Violation        0.000ns
---------------------------------------------------------------------------------------------------


Max Delay Paths
--------------------------------------------------------------------------------------
Slack (MET) :             33.432ns  (required time - arrival time)
  Source:                 u_fifo_eth/tx_byte_idx_reg[0]/C
                            (rising edge-triggered cell FDCE clocked by eth_tx_clk_pin  {rise@0.000ns fall@20.000ns period=40.000ns})
  Destination:            u_fifo_eth/eth_txd_reg[3]/D
                            (rising edge-triggered cell FDCE clocked by eth_tx_clk_pin  {rise@0.000ns fall@20.000ns period=40.000ns})
  Path Group:             eth_tx_clk_pin
  Path Type:              Setup (Max at Slow Process Corner)
  Requirement:            40.000ns  (eth_tx_clk_pin rise@40.000ns - eth_tx_clk_pin rise@0.000ns)
  Data Path Delay:        6.524ns  (logic 1.087ns (16.663%)  route 5.437ns (83.337%))
  Logic Levels:           4  (LUT2=1 LUT6=3)
  Clock Path Skew:        -0.040ns (DCD - SCD + CPR)
    Destination Clock Delay (DCD):    4.912ns = ( 44.912 - 40.000 ) 
    Source Clock Delay      (SCD):    5.211ns
    Clock Pessimism Removal (CPR):    0.259ns
  Clock Uncertainty:      0.035ns  ((TSJ^2 + TIJ^2)^1/2 + DJ) / 2 + PE
    Total System Jitter     (TSJ):    0.071ns
    Total Input Jitter      (TIJ):    0.000ns
    Discrete Jitter          (DJ):    0.000ns
    Phase Error              (PE):    0.000ns

    Location             Delay type                Incr(ns)  Path(ns)    Netlist Resource(s)
  -------------------------------------------------------------------    -------------------
                         (clock eth_tx_clk_pin rise edge)
                                                      0.000     0.000 r  <hidden>
    H16                                               0.000     0.000 r  eth_tx_clk
                         net (fo=0)                   0.000     0.000    eth_tx_clk
    H16                  IBUF (Prop_ibuf_I_O)         1.471     1.471 r  eth_tx_clk_IBUF_inst/O
                         net (fo=1, routed)           2.016     3.487    eth_tx_clk_IBUF
    BUFGCTRL_X0Y18       BUFG (Prop_bufg_I_O)         0.096     3.583 r  eth_tx_clk_IBUF_BUFG_inst/O
                         net (fo=120, routed)         1.628     5.211    u_fifo_eth/CLK
    SLICE_X39Y81         FDCE                                         r  u_fifo_eth/tx_byte_idx_reg[0]/C
  -------------------------------------------------------------------    -------------------
    SLICE_X39Y81         FDCE (Prop_fdce_C_Q)         0.419     5.630 r  u_fifo_eth/tx_byte_idx_reg[0]/Q
                         net (fo=43, routed)          2.693     8.323    u_fifo_eth/tx_byte_idx_reg_n_0_[0]
    SLICE_X30Y88         LUT6 (Prop_lut6_I4_O)        0.296     8.619 r  u_fifo_eth/tx_curr_byte[3]_i_5/O
                         net (fo=1, routed)           0.960     9.580    u_fifo_eth/tx_curr_byte[3]_i_5_n_0
    SLICE_X35Y86         LUT6 (Prop_lut6_I5_O)        0.124     9.704 f  u_fifo_eth/tx_curr_byte[3]_i_4/O
                         net (fo=2, routed)           1.116    10.820    u_fifo_eth/tx_curr_byte[3]_i_4_n_0
    SLICE_X36Y81         LUT2 (Prop_lut2_I1_O)        0.124    10.944 r  u_fifo_eth/eth_txd[3]_i_6/O
                         net (fo=1, routed)           0.667    11.611    u_fifo_eth/eth_txd[3]_i_6_n_0
    SLICE_X36Y81         LUT6 (Prop_lut6_I3_O)        0.124    11.735 r  u_fifo_eth/eth_txd[3]_i_2/O
                         net (fo=1, routed)           0.000    11.735    u_fifo_eth/p_3_out[3]
    SLICE_X36Y81         FDCE                                         r  u_fifo_eth/eth_txd_reg[3]/D
  -------------------------------------------------------------------    -------------------

                         (clock eth_tx_clk_pin rise edge)
                                                     40.000    40.000 r  <hidden>
    H16                                               0.000    40.000 r  eth_tx_clk
                         net (fo=0)                   0.000    40.000    eth_tx_clk
    H16                  IBUF (Prop_ibuf_I_O)         1.401    41.401 r  eth_tx_clk_IBUF_inst/O
                         net (fo=1, routed)           1.911    43.312    eth_tx_clk_IBUF
    BUFGCTRL_X0Y18       BUFG (Prop_bufg_I_O)         0.091    43.403 r  eth_tx_clk_IBUF_BUFG_inst/O
                         net (fo=120, routed)         1.509    44.912    u_fifo_eth/CLK
    SLICE_X36Y81         FDCE                                         r  u_fifo_eth/eth_txd_reg[3]/C
                         clock pessimism              0.259    45.171    <hidden>
                         clock uncertainty           -0.035    45.136    <hidden>
    SLICE_X36Y81         FDCE (Setup_fdce_C_D)        0.031    45.167    u_fifo_eth/eth_txd_reg[3]
  -------------------------------------------------------------------
                         required time                         45.167    <hidden>
                         arrival time                         -11.735    <hidden>
  -------------------------------------------------------------------
                         slack                                 33.432    <hidden>





Min Delay Paths
--------------------------------------------------------------------------------------
Slack (MET) :             0.178ns  (arrival time - required time)
  Source:                 u_fifo_eth/tx_clk_sync_req_reg[2]/C
                            (rising edge-triggered cell FDCE clocked by eth_tx_clk_pin  {rise@0.000ns fall@20.000ns period=40.000ns})
  Destination:            u_fifo_eth/tx_led_cnt_reg[4]/D
                            (rising edge-triggered cell FDCE clocked by eth_tx_clk_pin  {rise@0.000ns fall@20.000ns period=40.000ns})
  Path Group:             eth_tx_clk_pin
  Path Type:              Hold (Min at Fast Process Corner)
  Requirement:            0.000ns  (eth_tx_clk_pin rise@0.000ns - eth_tx_clk_pin rise@0.000ns)
  Data Path Delay:        0.283ns  (logic 0.186ns (65.630%)  route 0.097ns (34.370%))
  Logic Levels:           1  (LUT6=1)
  Clock Path Skew:        0.013ns (DCD - SCD - CPR)
    Destination Clock Delay (DCD):    1.978ns
    Source Clock Delay      (SCD):    1.465ns
    Clock Pessimism Removal (CPR):    0.500ns

    Location             Delay type                Incr(ns)  Path(ns)    Netlist Resource(s)
  -------------------------------------------------------------------    -------------------
                         (clock eth_tx_clk_pin rise edge)
                                                      0.000     0.000 r  <hidden>
    H16                                               0.000     0.000 r  eth_tx_clk
                         net (fo=0)                   0.000     0.000    eth_tx_clk
    H16                  IBUF (Prop_ibuf_I_O)         0.239     0.239 r  eth_tx_clk_IBUF_inst/O
                         net (fo=1, routed)           0.640     0.879    eth_tx_clk_IBUF
    BUFGCTRL_X0Y18       BUFG (Prop_bufg_I_O)         0.026     0.905 r  eth_tx_clk_IBUF_BUFG_inst/O
                         net (fo=120, routed)         0.560     1.465    u_fifo_eth/CLK
    SLICE_X44Y80         FDCE                                         r  u_fifo_eth/tx_clk_sync_req_reg[2]/C
  -------------------------------------------------------------------    -------------------
    SLICE_X44Y80         FDCE (Prop_fdce_C_Q)         0.141     1.606 r  u_fifo_eth/tx_clk_sync_req_reg[2]/Q
                         net (fo=40, routed)          0.097     1.703    u_fifo_eth/tx_clk_sync_req[2]
    SLICE_X45Y80         LUT6 (Prop_lut6_I3_O)        0.045     1.748 r  u_fifo_eth/tx_led_cnt[4]_i_1/O
                         net (fo=1, routed)           0.000     1.748    u_fifo_eth/tx_led_cnt[4]_i_1_n_0
    SLICE_X45Y80         FDCE                                         r  u_fifo_eth/tx_led_cnt_reg[4]/D
  -------------------------------------------------------------------    -------------------

                         (clock eth_tx_clk_pin rise edge)
                                                      0.000     0.000 r  <hidden>
    H16                                               0.000     0.000 r  eth_tx_clk
                         net (fo=0)                   0.000     0.000    eth_tx_clk
    H16                  IBUF (Prop_ibuf_I_O)         0.427     0.427 r  eth_tx_clk_IBUF_inst/O
                         net (fo=1, routed)           0.695     1.121    eth_tx_clk_IBUF
    BUFGCTRL_X0Y18       BUFG (Prop_bufg_I_O)         0.029     1.150 r  eth_tx_clk_IBUF_BUFG_inst/O
                         net (fo=120, routed)         0.828     1.978    u_fifo_eth/CLK
    SLICE_X45Y80         FDCE                                         r  u_fifo_eth/tx_led_cnt_reg[4]/C
                         clock pessimism             -0.500     1.478    <hidden>
    SLICE_X45Y80         FDCE (Hold_fdce_C_D)         0.092     1.570    u_fifo_eth/tx_led_cnt_reg[4]
  -------------------------------------------------------------------
                         required time                         -1.570    <hidden>
                         arrival time                           1.748    <hidden>
  -------------------------------------------------------------------
                         slack                                  0.178    <hidden>





Pulse Width Checks
--------------------------------------------------------------------------------------
Clock Name:         eth_tx_clk_pin
Waveform(ns):       { 0.000 20.000 }
Period(ns):         40.000
Sources:            { eth_tx_clk }

Check Type        Corner  Lib Pin  Reference Pin  Required(ns)  Actual(ns)  Slack(ns)  Location        Pin
Min Period        n/a     BUFG/I   n/a            2.155         40.000      37.845     BUFGCTRL_X0Y18  eth_tx_clk_IBUF_BUFG_inst/I
Low Pulse Width   Slow    FDPE/C   n/a            0.500         20.000      19.500     SLICE_X34Y78    u_fifo_eth/crc32_reg[0]/C
High Pulse Width  Slow    FDPE/C   n/a            0.500         20.000      19.500     SLICE_X34Y78    u_fifo_eth/crc32_reg[0]/C



---------------------------------------------------------------------------------------------------
From Clock:  sys_clk_pin
  To Clock:  sys_clk_pin

Setup :            0  Failing Endpoints,  Worst Slack        1.067ns,  Total Violation        0.000ns
Hold  :            0  Failing Endpoints,  Worst Slack        0.072ns,  Total Violation        0.000ns
PW    :            0  Failing Endpoints,  Worst Slack        3.750ns,  Total Violation        0.000ns
---------------------------------------------------------------------------------------------------


Max Delay Paths
--------------------------------------------------------------------------------------
Slack (MET) :             1.067ns  (required time - arrival time)
  Source:                 u_fifo_eth/parse_idx_reg[3]_rep__22/C
                            (rising edge-triggered cell FDRE clocked by sys_clk_pin  {rise@0.000ns fall@5.000ns period=10.000ns})
  Destination:            u_fifo_eth/parse_idx_reg[1]_replica_11/D
                            (rising edge-triggered cell FDRE clocked by sys_clk_pin  {rise@0.000ns fall@5.000ns period=10.000ns})
  Path Group:             sys_clk_pin
  Path Type:              Setup (Max at Slow Process Corner)
  Requirement:            10.000ns  (sys_clk_pin rise@10.000ns - sys_clk_pin rise@0.000ns)
  Data Path Delay:        8.784ns  (logic 1.014ns (11.544%)  route 7.770ns (88.456%))
  Logic Levels:           4  (LUT2=1 LUT5=2 LUT6=1)
  Clock Path Skew:        -0.047ns (DCD - SCD + CPR)
    Destination Clock Delay (DCD):    5.085ns = ( 15.085 - 10.000 ) 
    Source Clock Delay      (SCD):    5.401ns
    Clock Pessimism Removal (CPR):    0.268ns
  Clock Uncertainty:      0.035ns  ((TSJ^2 + TIJ^2)^1/2 + DJ) / 2 + PE
    Total System Jitter     (TSJ):    0.071ns
    Total Input Jitter      (TIJ):    0.000ns
    Discrete Jitter          (DJ):    0.000ns
    Phase Error              (PE):    0.000ns

    Location             Delay type                Incr(ns)  Path(ns)    Netlist Resource(s)
  -------------------------------------------------------------------    -------------------
                         (clock sys_clk_pin rise edge)
                                                      0.000     0.000 r  <hidden>
    E3                                                0.000     0.000 r  CLK100MHZ
                         net (fo=0)                   0.000     0.000    CLK100MHZ
    E3                   IBUF (Prop_ibuf_I_O)         1.482     1.482 r  CLK100MHZ_IBUF_inst/O
                         net (fo=1, routed)           2.025     3.506    CLK100MHZ_IBUF
    BUFGCTRL_X0Y17       BUFG (Prop_bufg_I_O)         0.096     3.602 r  CLK100MHZ_IBUF_BUFG_inst/O
                         net (fo=822, routed)         1.798     5.401    u_fifo_eth/CLK100MHZ_IBUF_BUFG
    SLICE_X58Y150        FDRE                                         r  u_fifo_eth/parse_idx_reg[3]_rep__22/C
  -------------------------------------------------------------------    -------------------
    SLICE_X58Y150        FDRE (Prop_fdre_C_Q)         0.518     5.919 r  u_fifo_eth/parse_idx_reg[3]_rep__22/Q
                         net (fo=115, routed)         2.159     8.078    u_fifo_eth/parse_idx_reg[3]_rep__22_n_0
    SLICE_X40Y110        LUT5 (Prop_lut5_I1_O)        0.124     8.202 r  u_fifo_eth/tx_trigger_req_i_4/O
                         net (fo=1, routed)           0.633     8.834    u_fifo_eth/tx_trigger_req_i_4_n_0
    SLICE_X35Y104        LUT5 (Prop_lut5_I0_O)        0.124     8.958 r  u_fifo_eth/tx_trigger_req_i_2/O
                         net (fo=13, routed)          0.782     9.741    u_fifo_eth/tx_trigger_req_i_2_n_0
    SLICE_X34Y100        LUT2 (Prop_lut2_I0_O)        0.124     9.865 r  u_fifo_eth/parse_idx[9]_i_5/O
                         net (fo=3, routed)           0.614    10.479    u_fifo_eth/parse_idx[9]_i_5_n_0
    SLICE_X34Y98         LUT6 (Prop_lut6_I4_O)        0.124    10.603 r  u_fifo_eth/parse_idx[1]_i_1/O
                         net (fo=47, routed)          3.582    14.185    u_fifo_eth/parse_idx[1]_i_1_n_0
    SLICE_X71Y183        FDRE                                         r  u_fifo_eth/parse_idx_reg[1]_replica_11/D
  -------------------------------------------------------------------    -------------------

                         (clock sys_clk_pin rise edge)
                                                     10.000    10.000 r  <hidden>
    E3                                                0.000    10.000 r  CLK100MHZ
                         net (fo=0)                   0.000    10.000    CLK100MHZ
    E3                   IBUF (Prop_ibuf_I_O)         1.411    11.411 r  CLK100MHZ_IBUF_inst/O
                         net (fo=1, routed)           1.920    13.331    CLK100MHZ_IBUF
    BUFGCTRL_X0Y17       BUFG (Prop_bufg_I_O)         0.091    13.422 r  CLK100MHZ_IBUF_BUFG_inst/O
                         net (fo=822, routed)         1.663    15.085    u_fifo_eth/CLK100MHZ_IBUF_BUFG
    SLICE_X71Y183        FDRE                                         r  u_fifo_eth/parse_idx_reg[1]_replica_11/C
                         clock pessimism              0.268    15.354    <hidden>
                         clock uncertainty           -0.035    15.318    <hidden>
    SLICE_X71Y183        FDRE (Setup_fdre_C_D)       -0.067    15.251    u_fifo_eth/parse_idx_reg[1]_replica_11
  -------------------------------------------------------------------
                         required time                         15.251    <hidden>
                         arrival time                         -14.185    <hidden>
  -------------------------------------------------------------------
                         slack                                  1.067    <hidden>





Min Delay Paths
--------------------------------------------------------------------------------------
Slack (MET) :             0.072ns  (arrival time - required time)
  Source:                 u_fifo_eth/wr_ptr_reg[4]/C
                            (rising edge-triggered cell FDRE clocked by sys_clk_pin  {rise@0.000ns fall@5.000ns period=10.000ns})
  Destination:            u_fifo_eth/fifo_mem_reg_64_127_3_5/RAMA/WADR4
                            (rising edge-triggered cell RAMD64E clocked by sys_clk_pin  {rise@0.000ns fall@5.000ns period=10.000ns})
  Path Group:             sys_clk_pin
  Path Type:              Hold (Min at Fast Process Corner)
  Requirement:            0.000ns  (sys_clk_pin rise@0.000ns - sys_clk_pin rise@0.000ns)
  Data Path Delay:        0.303ns  (logic 0.141ns (46.515%)  route 0.162ns (53.485%))
  Logic Levels:           0  
  Clock Path Skew:        0.031ns (DCD - SCD - CPR)
    Destination Clock Delay (DCD):    1.980ns
    Source Clock Delay      (SCD):    1.469ns
    Clock Pessimism Removal (CPR):    0.479ns

    Location             Delay type                Incr(ns)  Path(ns)    Netlist Resource(s)
  -------------------------------------------------------------------    -------------------
                         (clock sys_clk_pin rise edge)
                                                      0.000     0.000 r  <hidden>
    E3                                                0.000     0.000 r  CLK100MHZ
                         net (fo=0)                   0.000     0.000    CLK100MHZ
    E3                   IBUF (Prop_ibuf_I_O)         0.250     0.250 r  CLK100MHZ_IBUF_inst/O
                         net (fo=1, routed)           0.644     0.894    CLK100MHZ_IBUF
    BUFGCTRL_X0Y17       BUFG (Prop_bufg_I_O)         0.026     0.920 r  CLK100MHZ_IBUF_BUFG_inst/O
                         net (fo=822, routed)         0.550     1.469    u_fifo_eth/CLK100MHZ_IBUF_BUFG
    SLICE_X44Y126        FDRE                                         r  u_fifo_eth/wr_ptr_reg[4]/C
  -------------------------------------------------------------------    -------------------
    SLICE_X44Y126        FDRE (Prop_fdre_C_Q)         0.141     1.610 r  u_fifo_eth/wr_ptr_reg[4]/Q
                         net (fo=245, routed)         0.162     1.773    u_fifo_eth/fifo_mem_reg_64_127_3_5/ADDRD4
    SLICE_X46Y125        RAMD64E                                      r  u_fifo_eth/fifo_mem_reg_64_127_3_5/RAMA/WADR4
  -------------------------------------------------------------------    -------------------

                         (clock sys_clk_pin rise edge)
                                                      0.000     0.000 r  <hidden>
    E3                                                0.000     0.000 r  CLK100MHZ
                         net (fo=0)                   0.000     0.000    CLK100MHZ
    E3                   IBUF (Prop_ibuf_I_O)         0.438     0.438 r  CLK100MHZ_IBUF_inst/O
                         net (fo=1, routed)           0.699     1.136    CLK100MHZ_IBUF
    BUFGCTRL_X0Y17       BUFG (Prop_bufg_I_O)         0.029     1.165 r  CLK100MHZ_IBUF_BUFG_inst/O
                         net (fo=822, routed)         0.815     1.980    u_fifo_eth/fifo_mem_reg_64_127_3_5/WCLK
    SLICE_X46Y125        RAMD64E                                      r  u_fifo_eth/fifo_mem_reg_64_127_3_5/RAMA/CLK
                         clock pessimism             -0.479     1.500    <hidden>
    SLICE_X46Y125        RAMD64E (Hold_ramd64e_CLK_WADR4)
                                                      0.200     1.700    u_fifo_eth/fifo_mem_reg_64_127_3_5/RAMA
  -------------------------------------------------------------------
                         required time                         -1.700    <hidden>
                         arrival time                           1.773    <hidden>
  -------------------------------------------------------------------
                         slack                                  0.072    <hidden>





Pulse Width Checks
--------------------------------------------------------------------------------------
Clock Name:         sys_clk_pin
Waveform(ns):       { 0.000 5.000 }
Period(ns):         10.000
Sources:            { CLK100MHZ }

Check Type        Corner  Lib Pin             Reference Pin  Required(ns)  Actual(ns)  Slack(ns)  Location       Pin
Min Period        n/a     RAMB36E1/CLKARDCLK  n/a            2.944         10.000      7.056      RAMB36_X0Y18   u_weight_bram/mem_reg_0/CLKARDCLK
Low Pulse Width   Slow    RAMD64E/CLK         n/a            1.250         5.000       3.750      SLICE_X38Y126  u_fifo_eth/fifo_mem_reg_0_63_0_2/RAMA/CLK
High Pulse Width  Slow    RAMD64E/CLK         n/a            1.250         5.000       3.750      SLICE_X38Y126  u_fifo_eth/fifo_mem_reg_0_63_0_2/RAMA/CLK



---------------------------------------------------------------------------------------------------
Path Group:  **async_default**
From Clock:  sys_clk_pin
  To Clock:  sys_clk_pin

Setup :            0  Failing Endpoints,  Worst Slack        2.683ns,  Total Violation        0.000ns
Hold  :            0  Failing Endpoints,  Worst Slack        0.711ns,  Total Violation        0.000ns
---------------------------------------------------------------------------------------------------


Max Delay Paths
--------------------------------------------------------------------------------------
Slack (MET) :             2.683ns  (required time - arrival time)
  Source:                 rst_n_sync1_reg/C
                            (rising edge-triggered cell FDCE clocked by sys_clk_pin  {rise@0.000ns fall@5.000ns period=10.000ns})
  Destination:            u_fifo_eth/rst_cnt_reg[10]/CLR
                            (recovery check against rising-edge clock sys_clk_pin  {rise@0.000ns fall@5.000ns period=10.000ns})
  Path Group:             **async_default**
  Path Type:              Recovery (Max at Slow Process Corner)
  Requirement:            10.000ns  (sys_clk_pin rise@10.000ns - sys_clk_pin rise@0.000ns)
  Data Path Delay:        7.007ns  (logic 0.580ns (8.277%)  route 6.427ns (91.723%))
  Logic Levels:           1  (LUT1=1)
  Clock Path Skew:        0.044ns (DCD - SCD + CPR)
    Destination Clock Delay (DCD):    5.029ns = ( 15.029 - 10.000 ) 
    Source Clock Delay      (SCD):    5.244ns
    Clock Pessimism Removal (CPR):    0.259ns
  Clock Uncertainty:      0.035ns  ((TSJ^2 + TIJ^2)^1/2 + DJ) / 2 + PE
    Total System Jitter     (TSJ):    0.071ns
    Total Input Jitter      (TIJ):    0.000ns
    Discrete Jitter          (DJ):    0.000ns
    Phase Error              (PE):    0.000ns

    Location             Delay type                Incr(ns)  Path(ns)    Netlist Resource(s)
  -------------------------------------------------------------------    -------------------
                         (clock sys_clk_pin rise edge)
                                                      0.000     0.000 r  <hidden>
    E3                                                0.000     0.000 r  CLK100MHZ
                         net (fo=0)                   0.000     0.000    CLK100MHZ
    E3                   IBUF (Prop_ibuf_I_O)         1.482     1.482 r  CLK100MHZ_IBUF_inst/O
                         net (fo=1, routed)           2.025     3.506    CLK100MHZ_IBUF
    BUFGCTRL_X0Y17       BUFG (Prop_bufg_I_O)         0.096     3.602 r  CLK100MHZ_IBUF_BUFG_inst/O
                         net (fo=822, routed)         1.641     5.244    CLK100MHZ_IBUF_BUFG
    SLICE_X36Y98         FDCE                                         r  rst_n_sync1_reg/C
  -------------------------------------------------------------------    -------------------
    SLICE_X36Y98         FDCE (Prop_fdce_C_Q)         0.456     5.700 r  rst_n_sync1_reg/Q
                         net (fo=23, routed)          1.218     6.917    u_fifo_eth/rst_n_sync1
    SLICE_X40Y105        LUT1 (Prop_lut1_I0_O)        0.124     7.041 f  u_fifo_eth/phy_rstn_reg_i_2/O
                         net (fo=417, routed)         5.209    12.251    u_fifo_eth/rst_n_sync1_reg
    SLICE_X2Y99          FDCE                                         f  u_fifo_eth/rst_cnt_reg[10]/CLR
  -------------------------------------------------------------------    -------------------

                         (clock sys_clk_pin rise edge)
                                                     10.000    10.000 r  <hidden>
    E3                                                0.000    10.000 r  CLK100MHZ
                         net (fo=0)                   0.000    10.000    CLK100MHZ
    E3                   IBUF (Prop_ibuf_I_O)         1.411    11.411 r  CLK100MHZ_IBUF_inst/O
                         net (fo=1, routed)           1.920    13.331    CLK100MHZ_IBUF
    BUFGCTRL_X0Y17       BUFG (Prop_bufg_I_O)         0.091    13.422 r  CLK100MHZ_IBUF_BUFG_inst/O
                         net (fo=822, routed)         1.606    15.029    u_fifo_eth/CLK100MHZ_IBUF_BUFG
    SLICE_X2Y99          FDCE                                         r  u_fifo_eth/rst_cnt_reg[10]/C
                         clock pessimism              0.259    15.288    <hidden>
                         clock uncertainty           -0.035    15.252    <hidden>
    SLICE_X2Y99          FDCE (Recov_fdce_C_CLR)     -0.319    14.933    u_fifo_eth/rst_cnt_reg[10]
  -------------------------------------------------------------------
                         required time                         14.933    <hidden>
                         arrival time                         -12.251    <hidden>
  -------------------------------------------------------------------
                         slack                                  2.683    <hidden>





Min Delay Paths
--------------------------------------------------------------------------------------
Slack (MET) :             0.711ns  (arrival time - required time)
  Source:                 rst_n_sync1_reg/C
                            (rising edge-triggered cell FDCE clocked by sys_clk_pin  {rise@0.000ns fall@5.000ns period=10.000ns})
  Destination:            u_fifo_eth/sys_sync_rx_done_reg[2]/CLR
                            (removal check against rising-edge clock sys_clk_pin  {rise@0.000ns fall@5.000ns period=10.000ns})
  Path Group:             **async_default**
  Path Type:              Removal (Min at Fast Process Corner)
  Requirement:            0.000ns  (sys_clk_pin rise@0.000ns - sys_clk_pin rise@0.000ns)
  Data Path Delay:        0.909ns  (logic 0.186ns (20.459%)  route 0.723ns (79.541%))
  Logic Levels:           1  (LUT1=1)
  Clock Path Skew:        0.265ns (DCD - SCD - CPR)
    Destination Clock Delay (DCD):    2.001ns
    Source Clock Delay      (SCD):    1.490ns
    Clock Pessimism Removal (CPR):    0.245ns

    Location             Delay type                Incr(ns)  Path(ns)    Netlist Resource(s)
  -------------------------------------------------------------------    -------------------
                         (clock sys_clk_pin rise edge)
                                                      0.000     0.000 r  <hidden>
    E3                                                0.000     0.000 r  CLK100MHZ
                         net (fo=0)                   0.000     0.000    CLK100MHZ
    E3                   IBUF (Prop_ibuf_I_O)         0.250     0.250 r  CLK100MHZ_IBUF_inst/O
                         net (fo=1, routed)           0.644     0.894    CLK100MHZ_IBUF
    BUFGCTRL_X0Y17       BUFG (Prop_bufg_I_O)         0.026     0.920 r  CLK100MHZ_IBUF_BUFG_inst/O
                         net (fo=822, routed)         0.571     1.490    CLK100MHZ_IBUF_BUFG
    SLICE_X36Y98         FDCE                                         r  rst_n_sync1_reg/C
  -------------------------------------------------------------------    -------------------
    SLICE_X36Y98         FDCE (Prop_fdce_C_Q)         0.141     1.631 r  rst_n_sync1_reg/Q
                         net (fo=23, routed)          0.467     2.098    u_fifo_eth/rst_n_sync1
    SLICE_X40Y105        LUT1 (Prop_lut1_I0_O)        0.045     2.143 f  u_fifo_eth/phy_rstn_reg_i_2/O
                         net (fo=417, routed)         0.256     2.399    u_fifo_eth/rst_n_sync1_reg
    SLICE_X34Y101        FDCE                                         f  u_fifo_eth/sys_sync_rx_done_reg[2]/CLR
  -------------------------------------------------------------------    -------------------

                         (clock sys_clk_pin rise edge)
                                                      0.000     0.000 r  <hidden>
    E3                                                0.000     0.000 r  CLK100MHZ
                         net (fo=0)                   0.000     0.000    CLK100MHZ
    E3                   IBUF (Prop_ibuf_I_O)         0.438     0.438 r  CLK100MHZ_IBUF_inst/O
                         net (fo=1, routed)           0.699     1.136    CLK100MHZ_IBUF
    BUFGCTRL_X0Y17       BUFG (Prop_bufg_I_O)         0.029     1.165 r  CLK100MHZ_IBUF_BUFG_inst/O
                         net (fo=822, routed)         0.836     2.001    u_fifo_eth/CLK100MHZ_IBUF_BUFG
    SLICE_X34Y101        FDCE                                         r  u_fifo_eth/sys_sync_rx_done_reg[2]/C
                         clock pessimism             -0.245     1.755    <hidden>
    SLICE_X34Y101        FDCE (Remov_fdce_C_CLR)     -0.067     1.688    u_fifo_eth/sys_sync_rx_done_reg[2]
  -------------------------------------------------------------------
                         required time                         -1.688    <hidden>
                         arrival time                           2.399    <hidden>
  -------------------------------------------------------------------
                         slack                                  0.711    <hidden>





