Copyright 1986-2022 Xilinx, Inc. All Rights Reserved. Copyright 2022-2026 Advanced Micro Devices, Inc. All Rights Reserved.
---------------------------------------------------------------------------------------------------------------------------------------------
| Tool Version : Vivado v.2026.1 (lin64) Build 6511674 Tue Jun 16 11:01:26 MDT 2026
| Date         : Sat Aug 22 22:38:32 2026
| Host         : sasi-victus running 64-bit Fedora Linux 44 (Workstation Edition)
| Command      : report_timing_summary -file post_synth_timing_summary.rpt
| Design       : snn_eth_top
| Device       : 7a100t-csg324
| Speed File   : -1  PRODUCTION 1.23 2018-06-13
| Design State : Synthesized
---------------------------------------------------------------------------------------------------------------------------------------------

Timing Summary Report

------------------------------------------------------------------------------------------------
| Timer Settings
| --------------
------------------------------------------------------------------------------------------------

  Enable Multi Corner Analysis               :  Yes
  Enable Pessimism Removal                   :  Yes
  Pessimism Removal Resolution               :  Nearest Common Node
  Enable Input Delay Default Clock           :  No
  Enable Preset / Clear Arcs                 :  No
  Disable Flight Delays                      :  No
  Ignore I/O Paths                           :  No
  Timing Early Launch at Borrowing Latches   :  No
  Borrow Time for Max Delay Exceptions       :  Yes
  Merge Timing Exceptions                    :  Yes
  Inter-SLR Compensation                     :  Conservative

  Corner  Analyze    Analyze    
  Name    Max Paths  Min Paths  
  ------  ---------  ---------  
  Slow    Yes        Yes        
  Fast    Yes        Yes        


------------------------------------------------------------------------------------------------
| Report Methodology
| ------------------
------------------------------------------------------------------------------------------------

No report available as report_methodology has not been run prior. Run report_methodology on the current design for the summary of methodology violations.



check_timing report

Table of Contents
-----------------
1. checking no_clock (0)
2. checking constant_clock (0)
3. checking pulse_width_clock (0)
4. checking unconstrained_internal_endpoints (0)
5. checking no_input_delay (6)
6. checking no_output_delay (11)
7. checking multiple_clock (0)
8. checking generated_clocks (0)
9. checking loops (0)
10. checking partial_input_delay (0)
11. checking partial_output_delay (0)
12. checking latch_loops (0)

1. checking no_clock (0)
------------------------
 There are 0 register/latch pins with no clock.


2. checking constant_clock (0)
------------------------------
 There are 0 register/latch pins with constant_clock.


3. checking pulse_width_clock (0)
---------------------------------
 There are 0 register/latch pins which need pulse_width check


4. checking unconstrained_internal_endpoints (0)
------------------------------------------------
 There are 0 pins that are not constrained for maximum delay.

 There are 0 pins that are not constrained for maximum delay due to constant clock.


5. checking no_input_delay (6)
------------------------------
 There are 6 input ports with no input delay specified. (HIGH)

 There are 0 input ports with no input delay but user has a false path constraint.


6. checking no_output_delay (11)
--------------------------------
 There are 11 ports with no output delay specified. (HIGH)

 There are 0 ports with no output delay but user has a false path constraint

 There are 0 ports with no output delay but with a timing clock defined on it or propagating through it


7. checking multiple_clock (0)
------------------------------
 There are 0 register/latch pins with multiple clocks.


8. checking generated_clocks (0)
--------------------------------
 There are 0 generated clocks that are not connected to a clock source.


9. checking loops (0)
---------------------
 There are 0 combinational loops in the design.


10. checking partial_input_delay (0)
------------------------------------
 There are 0 input ports with partial input delay specified.


11. checking partial_output_delay (0)
-------------------------------------
 There are 0 ports with partial output delay specified.


12. checking latch_loops (0)
----------------------------
 There are 0 combinational latch loops in the design through latch input



------------------------------------------------------------------------------------------------
| Design Timing Summary
| ---------------------
------------------------------------------------------------------------------------------------

    WNS(ns)      TNS(ns)  TNS Failing Endpoints  TNS Total Endpoints      WHS(ns)      THS(ns)  THS Failing Endpoints  THS Total Endpoints     WPWS(ns)     TPWS(ns)  TPWS Failing Endpoints  TPWS Total Endpoints  
    -------      -------  ---------------------  -------------------      -------      -------  ---------------------  -------------------     --------     --------  ----------------------  --------------------  
      4.026        0.000                      0                27944        0.093        0.000                      0                27944        3.750        0.000                       0                 17342  


All user specified timing constraints are met.


------------------------------------------------------------------------------------------------
| Clock Summary
| -------------
------------------------------------------------------------------------------------------------

Clock           Waveform(ns)       Period(ns)      Frequency(MHz)
-----           ------------       ----------      --------------
eth_rx_clk_pin  {0.000 20.000}     40.000          25.000          
eth_tx_clk_pin  {0.000 20.000}     40.000          25.000          
sys_clk_pin     {0.000 5.000}      10.000          100.000         


------------------------------------------------------------------------------------------------
| Intra Clock Table
| -----------------
------------------------------------------------------------------------------------------------

Clock               WNS(ns)      TNS(ns)  TNS Failing Endpoints  TNS Total Endpoints      WHS(ns)      THS(ns)  THS Failing Endpoints  THS Total Endpoints     WPWS(ns)     TPWS(ns)  TPWS Failing Endpoints  TPWS Total Endpoints  
-----               -------      -------  ---------------------  -------------------      -------      -------  ---------------------  -------------------     --------     --------  ----------------------  --------------------  
eth_rx_clk_pin       34.861        0.000                      0                24752        0.137        0.000                      0                24752       19.500        0.000                       0                 16492  
eth_tx_clk_pin       35.531        0.000                      0                  232        0.137        0.000                      0                  232       19.500        0.000                       0                   121  
sys_clk_pin           4.026        0.000                      0                 2622        0.093        0.000                      0                 2622        3.750        0.000                       0                   729  


------------------------------------------------------------------------------------------------
| Inter Clock Table
| -----------------
------------------------------------------------------------------------------------------------

From Clock    To Clock          WNS(ns)      TNS(ns)  TNS Failing Endpoints  TNS Total Endpoints      WHS(ns)      THS(ns)  THS Failing Endpoints  THS Total Endpoints  
----------    --------          -------      -------  ---------------------  -------------------      -------      -------  ---------------------  -------------------  


------------------------------------------------------------------------------------------------
| Other Path Groups Table
| -----------------------
------------------------------------------------------------------------------------------------

Path Group         From Clock         To Clock               WNS(ns)      TNS(ns)  TNS Failing Endpoints  TNS Total Endpoints      WHS(ns)      THS(ns)  THS Failing Endpoints  THS Total Endpoints  
----------         ----------         --------               -------      -------  ---------------------  -------------------      -------      -------  ---------------------  -------------------  
**async_default**  sys_clk_pin        sys_clk_pin              7.536        0.000                      0                  338        0.659        0.000                      0                  338  


------------------------------------------------------------------------------------------------
| Timing Details
| --------------
------------------------------------------------------------------------------------------------


---------------------------------------------------------------------------------------------------
From Clock:  eth_rx_clk_pin
  To Clock:  eth_rx_clk_pin

Setup :            0  Failing Endpoints,  Worst Slack       34.861ns,  Total Violation        0.000ns
Hold  :            0  Failing Endpoints,  Worst Slack        0.137ns,  Total Violation        0.000ns
PW    :            0  Failing Endpoints,  Worst Slack       19.500ns,  Total Violation        0.000ns
---------------------------------------------------------------------------------------------------


Max Delay Paths
--------------------------------------------------------------------------------------
Slack (MET) :             34.861ns  (required time - arrival time)
  Source:                 u_fifo_eth/rx_wr_addr_reg[5]/C
                            (rising edge-triggered cell FDCE clocked by eth_rx_clk_pin  {rise@0.000ns fall@20.000ns period=40.000ns})
  Destination:            u_fifo_eth/rx_buf_reg[100][0]/CE
                            (rising edge-triggered cell FDRE clocked by eth_rx_clk_pin  {rise@0.000ns fall@20.000ns period=40.000ns})
  Path Group:             eth_rx_clk_pin
  Path Type:              Setup (Max at Slow Process Corner)
  Requirement:            40.000ns  (eth_rx_clk_pin rise@40.000ns - eth_rx_clk_pin rise@0.000ns)
  Data Path Delay:        4.757ns  (logic 1.293ns (27.181%)  route 3.464ns (72.819%))
  Logic Levels:           5  (LUT3=1 LUT5=2 LUT6=2)
  Clock Path Skew:        -0.145ns (DCD - SCD + CPR)
    Destination Clock Delay (DCD):    2.695ns = ( 42.695 - 40.000 ) 
    Source Clock Delay      (SCD):    2.956ns
    Clock Pessimism Removal (CPR):    0.116ns
  Clock Uncertainty:      0.035ns  ((TSJ^2 + TIJ^2)^1/2 + DJ) / 2 + PE
    Total System Jitter     (TSJ):    0.071ns
    Total Input Jitter      (TIJ):    0.000ns
    Discrete Jitter          (DJ):    0.000ns
    Phase Error              (PE):    0.000ns

    Location             Delay type                Incr(ns)  Path(ns)    Netlist Resource(s)
  -------------------------------------------------------------------    -------------------
                         (clock eth_rx_clk_pin rise edge)
                                                      0.000     0.000 r  <hidden>
    F15                                               0.000     0.000 r  eth_rx_clk
                         net (fo=0)                   0.000     0.000    eth_rx_clk
    F15                  IBUF (Prop_ibuf_I_O)         1.473     1.473 r  eth_rx_clk_IBUF_inst/O
                         net (fo=1, unplaced)         0.803     2.276    eth_rx_clk_IBUF
                         BUFG (Prop_bufg_I_O)         0.096     2.372 r  eth_rx_clk_IBUF_BUFG_inst/O
                         net (fo=16491, unplaced)     0.584     2.956    u_fifo_eth/eth_rx_clk_IBUF_BUFG
                         FDCE                                         r  u_fifo_eth/rx_wr_addr_reg[5]/C
  -------------------------------------------------------------------    -------------------
                         FDCE (Prop_fdce_C_Q)         0.478     3.434 f  u_fifo_eth/rx_wr_addr_reg[5]/Q
                         net (fo=118, unplaced)       0.867     4.301    u_fifo_eth/rx_wr_addr_reg[5]
                         LUT3 (Prop_lut3_I0_O)        0.319     4.620 r  u_fifo_eth/rx_buf[539][7]_i_5/O
                         net (fo=15, unplaced)        0.502     5.122    u_fifo_eth/rx_buf[539][7]_i_5_n_0
                         LUT6 (Prop_lut6_I0_O)        0.124     5.246 r  u_fifo_eth/rx_buf[658][7]_i_4/O
                         net (fo=146, unplaced)       0.558     5.804    u_fifo_eth/rx_buf[658][7]_i_4_n_0
                         LUT5 (Prop_lut5_I0_O)        0.124     5.928 r  u_fifo_eth/rx_buf[128][7]_i_2/O
                         net (fo=20, unplaced)        0.509     6.437    u_fifo_eth/rx_buf[128][7]_i_2_n_0
                         LUT6 (Prop_lut6_I0_O)        0.124     6.561 r  u_fifo_eth/rx_buf[104][7]_i_3/O
                         net (fo=28, unplaced)        0.517     7.078    u_fifo_eth/rx_buf[104][7]_i_3_n_0
                         LUT5 (Prop_lut5_I3_O)        0.124     7.202 r  u_fifo_eth/rx_buf[100][7]_i_1/O
                         net (fo=8, unplaced)         0.511     7.713    u_fifo_eth/rx_buf[100][7]_i_1_n_0
                         FDRE                                         r  u_fifo_eth/rx_buf_reg[100][0]/CE
  -------------------------------------------------------------------    -------------------

                         (clock eth_rx_clk_pin rise edge)
                                                     40.000    40.000 r  <hidden>
    F15                                               0.000    40.000 r  eth_rx_clk
                         net (fo=0)                   0.000    40.000    eth_rx_clk
    F15                  IBUF (Prop_ibuf_I_O)         1.403    41.403 r  eth_rx_clk_IBUF_inst/O
                         net (fo=1, unplaced)         0.763    42.165    eth_rx_clk_IBUF
                         BUFG (Prop_bufg_I_O)         0.091    42.256 r  eth_rx_clk_IBUF_BUFG_inst/O
                         net (fo=16491, unplaced)     0.439    42.695    u_fifo_eth/eth_rx_clk_IBUF_BUFG
                         FDRE                                         r  u_fifo_eth/rx_buf_reg[100][0]/C
                         clock pessimism              0.116    42.811    <hidden>
                         clock uncertainty           -0.035    42.776    <hidden>
                         FDRE (Setup_fdre_C_CE)      -0.202    42.574    u_fifo_eth/rx_buf_reg[100][0]
  -------------------------------------------------------------------
                         required time                         42.573    <hidden>
                         arrival time                          -7.713    <hidden>
  -------------------------------------------------------------------
                         slack                                 34.861    <hidden>





Min Delay Paths
--------------------------------------------------------------------------------------
Slack (MET) :             0.137ns  (arrival time - required time)
  Source:                 u_fifo_eth/rx_done_toggle_reg/C
                            (rising edge-triggered cell FDCE clocked by eth_rx_clk_pin  {rise@0.000ns fall@20.000ns period=40.000ns})
  Destination:            u_fifo_eth/rx_done_toggle_reg/D
                            (rising edge-triggered cell FDCE clocked by eth_rx_clk_pin  {rise@0.000ns fall@20.000ns period=40.000ns})
  Path Group:             eth_rx_clk_pin
  Path Type:              Hold (Min at Fast Process Corner)
  Requirement:            0.000ns  (eth_rx_clk_pin rise@0.000ns - eth_rx_clk_pin rise@0.000ns)
  Data Path Delay:        0.381ns  (logic 0.245ns (64.350%)  route 0.136ns (35.650%))
  Logic Levels:           1  (LUT2=1)
  Clock Path Skew:        0.145ns (DCD - SCD - CPR)
    Destination Clock Delay (DCD):    1.073ns
    Source Clock Delay      (SCD):    0.719ns
    Clock Pessimism Removal (CPR):    0.209ns

    Location             Delay type                Incr(ns)  Path(ns)    Netlist Resource(s)
  -------------------------------------------------------------------    -------------------
                         (clock eth_rx_clk_pin rise edge)
                                                      0.000     0.000 r  <hidden>
    F15                                               0.000     0.000 r  eth_rx_clk
                         net (fo=0)                   0.000     0.000    eth_rx_clk
    F15                  IBUF (Prop_ibuf_I_O)         0.241     0.241 r  eth_rx_clk_IBUF_inst/O
                         net (fo=1, unplaced)         0.338     0.579    eth_rx_clk_IBUF
                         BUFG (Prop_bufg_I_O)         0.026     0.605 r  eth_rx_clk_IBUF_BUFG_inst/O
                         net (fo=16491, unplaced)     0.114     0.719    u_fifo_eth/eth_rx_clk_IBUF_BUFG
                         FDCE                                         r  u_fifo_eth/rx_done_toggle_reg/C
  -------------------------------------------------------------------    -------------------
                         FDCE (Prop_fdce_C_Q)         0.147     0.866 r  u_fifo_eth/rx_done_toggle_reg/Q
                         net (fo=2, unplaced)         0.136     1.002    u_fifo_eth/rx_done_toggle
                         LUT2 (Prop_lut2_I1_O)        0.098     1.100 r  u_fifo_eth/rx_done_toggle_i_1/O
                         net (fo=1, unplaced)         0.000     1.100    u_fifo_eth/rx_done_toggle_i_1_n_0
                         FDCE                                         r  u_fifo_eth/rx_done_toggle_reg/D
  -------------------------------------------------------------------    -------------------

                         (clock eth_rx_clk_pin rise edge)
                                                      0.000     0.000 r  <hidden>
    F15                                               0.000     0.000 r  eth_rx_clk
                         net (fo=0)                   0.000     0.000    eth_rx_clk
    F15                  IBUF (Prop_ibuf_I_O)         0.429     0.429 r  eth_rx_clk_IBUF_inst/O
                         net (fo=1, unplaced)         0.356     0.785    eth_rx_clk_IBUF
                         BUFG (Prop_bufg_I_O)         0.029     0.814 r  eth_rx_clk_IBUF_BUFG_inst/O
                         net (fo=16491, unplaced)     0.259     1.073    u_fifo_eth/eth_rx_clk_IBUF_BUFG
                         FDCE                                         r  u_fifo_eth/rx_done_toggle_reg/C
                         clock pessimism             -0.209     0.864    <hidden>
                         FDCE (Hold_fdce_C_D)         0.099     0.963    u_fifo_eth/rx_done_toggle_reg
  -------------------------------------------------------------------
                         required time                         -0.963    <hidden>
                         arrival time                           1.100    <hidden>
  -------------------------------------------------------------------
                         slack                                  0.137    <hidden>





Pulse Width Checks
--------------------------------------------------------------------------------------
Clock Name:         eth_rx_clk_pin
Waveform(ns):       { 0.000 20.000 }
Period(ns):         40.000
Sources:            { eth_rx_clk }

Check Type        Corner  Lib Pin  Reference Pin  Required(ns)  Actual(ns)  Slack(ns)  Location  Pin
Min Period        n/a     BUFG/I   n/a            2.155         40.000      37.845               eth_rx_clk_IBUF_BUFG_inst/I
Low Pulse Width   Slow    FDRE/C   n/a            0.500         20.000      19.500               u_fifo_eth/rx_buf_reg[0][0]/C
High Pulse Width  Slow    FDRE/C   n/a            0.500         20.000      19.500               u_fifo_eth/rx_buf_reg[0][0]/C



---------------------------------------------------------------------------------------------------
From Clock:  eth_tx_clk_pin
  To Clock:  eth_tx_clk_pin

Setup :            0  Failing Endpoints,  Worst Slack       35.531ns,  Total Violation        0.000ns
Hold  :            0  Failing Endpoints,  Worst Slack        0.137ns,  Total Violation        0.000ns
PW    :            0  Failing Endpoints,  Worst Slack       19.500ns,  Total Violation        0.000ns
---------------------------------------------------------------------------------------------------


Max Delay Paths
--------------------------------------------------------------------------------------
Slack (MET) :             35.531ns  (required time - arrival time)
  Source:                 u_fifo_eth/tx_byte_idx_reg[3]/C
                            (rising edge-triggered cell FDCE clocked by eth_tx_clk_pin  {rise@0.000ns fall@20.000ns period=40.000ns})
  Destination:            u_fifo_eth/tx_cnt_reg[0]/CE
                            (rising edge-triggered cell FDCE clocked by eth_tx_clk_pin  {rise@0.000ns fall@20.000ns period=40.000ns})
  Path Group:             eth_tx_clk_pin
  Path Type:              Setup (Max at Slow Process Corner)
  Requirement:            40.000ns  (eth_tx_clk_pin rise@40.000ns - eth_tx_clk_pin rise@0.000ns)
  Data Path Delay:        4.087ns  (logic 1.546ns (37.827%)  route 2.541ns (62.173%))
  Logic Levels:           4  (CARRY4=1 LUT3=2 LUT6=1)
  Clock Path Skew:        -0.145ns (DCD - SCD + CPR)
    Destination Clock Delay (DCD):    2.693ns = ( 42.693 - 40.000 ) 
    Source Clock Delay      (SCD):    2.954ns
    Clock Pessimism Removal (CPR):    0.116ns
  Clock Uncertainty:      0.035ns  ((TSJ^2 + TIJ^2)^1/2 + DJ) / 2 + PE
    Total System Jitter     (TSJ):    0.071ns
    Total Input Jitter      (TIJ):    0.000ns
    Discrete Jitter          (DJ):    0.000ns
    Phase Error              (PE):    0.000ns

    Location             Delay type                Incr(ns)  Path(ns)    Netlist Resource(s)
  -------------------------------------------------------------------    -------------------
                         (clock eth_tx_clk_pin rise edge)
                                                      0.000     0.000 r  <hidden>
    H16                                               0.000     0.000 r  eth_tx_clk
                         net (fo=0)                   0.000     0.000    eth_tx_clk
    H16                  IBUF (Prop_ibuf_I_O)         1.471     1.471 r  eth_tx_clk_IBUF_inst/O
                         net (fo=1, unplaced)         0.803     2.274    eth_tx_clk_IBUF
                         BUFG (Prop_bufg_I_O)         0.096     2.370 r  eth_tx_clk_IBUF_BUFG_inst/O
                         net (fo=120, unplaced)       0.584     2.954    u_fifo_eth/CLK
                         FDCE                                         r  u_fifo_eth/tx_byte_idx_reg[3]/C
  -------------------------------------------------------------------    -------------------
                         FDCE (Prop_fdce_C_Q)         0.478     3.432 r  u_fifo_eth/tx_byte_idx_reg[3]/Q
                         net (fo=17, unplaced)        0.819     4.251    u_fifo_eth/tx_byte_idx_reg_n_0_[3]
                         LUT3 (Prop_lut3_I0_O)        0.295     4.546 r  u_fifo_eth/tx_byte_idx[10]_i_7/O
                         net (fo=1, unplaced)         0.000     4.546    u_fifo_eth/tx_byte_idx[10]_i_7_n_0
                         CARRY4 (Prop_carry4_S[1]_CO[3])
                                                      0.533     5.079 r  u_fifo_eth/tx_byte_idx_reg[10]_i_3/CO[3]
                         net (fo=4, unplaced)         0.772     5.851    u_fifo_eth/tx_state0
                         LUT3 (Prop_lut3_I2_O)        0.116     5.967 r  u_fifo_eth/tx_cnt[4]_i_4/O
                         net (fo=1, unplaced)         0.449     6.416    u_fifo_eth/tx_cnt[4]_i_4_n_0
                         LUT6 (Prop_lut6_I1_O)        0.124     6.540 r  u_fifo_eth/tx_cnt[4]_i_1/O
                         net (fo=5, unplaced)         0.501     7.041    u_fifo_eth/tx_cnt[4]_i_1_n_0
                         FDCE                                         r  u_fifo_eth/tx_cnt_reg[0]/CE
  -------------------------------------------------------------------    -------------------

                         (clock eth_tx_clk_pin rise edge)
                                                     40.000    40.000 r  <hidden>
    H16                                               0.000    40.000 r  eth_tx_clk
                         net (fo=0)                   0.000    40.000    eth_tx_clk
    H16                  IBUF (Prop_ibuf_I_O)         1.401    41.401 r  eth_tx_clk_IBUF_inst/O
                         net (fo=1, unplaced)         0.763    42.163    eth_tx_clk_IBUF
                         BUFG (Prop_bufg_I_O)         0.091    42.254 r  eth_tx_clk_IBUF_BUFG_inst/O
                         net (fo=120, unplaced)       0.439    42.693    u_fifo_eth/CLK
                         FDCE                                         r  u_fifo_eth/tx_cnt_reg[0]/C
                         clock pessimism              0.116    42.809    <hidden>
                         clock uncertainty           -0.035    42.774    <hidden>
                         FDCE (Setup_fdce_C_CE)      -0.202    42.572    u_fifo_eth/tx_cnt_reg[0]
  -------------------------------------------------------------------
                         required time                         42.572    <hidden>
                         arrival time                          -7.041    <hidden>
  -------------------------------------------------------------------
                         slack                                 35.531    <hidden>





Min Delay Paths
--------------------------------------------------------------------------------------
Slack (MET) :             0.137ns  (arrival time - required time)
  Source:                 u_fifo_eth/crc32_reg[17]/C
                            (rising edge-triggered cell FDPE clocked by eth_tx_clk_pin  {rise@0.000ns fall@20.000ns period=40.000ns})
  Destination:            u_fifo_eth/final_crc_reg[9]/D
                            (rising edge-triggered cell FDRE clocked by eth_tx_clk_pin  {rise@0.000ns fall@20.000ns period=40.000ns})
  Path Group:             eth_tx_clk_pin
  Path Type:              Hold (Min at Fast Process Corner)
  Requirement:            0.000ns  (eth_tx_clk_pin rise@0.000ns - eth_tx_clk_pin rise@0.000ns)
  Data Path Delay:        0.381ns  (logic 0.245ns (64.350%)  route 0.136ns (35.650%))
  Logic Levels:           1  (LUT3=1)
  Clock Path Skew:        0.145ns (DCD - SCD - CPR)
    Destination Clock Delay (DCD):    1.071ns
    Source Clock Delay      (SCD):    0.717ns
    Clock Pessimism Removal (CPR):    0.209ns

    Location             Delay type                Incr(ns)  Path(ns)    Netlist Resource(s)
  -------------------------------------------------------------------    -------------------
                         (clock eth_tx_clk_pin rise edge)
                                                      0.000     0.000 r  <hidden>
    H16                                               0.000     0.000 r  eth_tx_clk
                         net (fo=0)                   0.000     0.000    eth_tx_clk
    H16                  IBUF (Prop_ibuf_I_O)         0.239     0.239 r  eth_tx_clk_IBUF_inst/O
                         net (fo=1, unplaced)         0.338     0.577    eth_tx_clk_IBUF
                         BUFG (Prop_bufg_I_O)         0.026     0.603 r  eth_tx_clk_IBUF_BUFG_inst/O
                         net (fo=120, unplaced)       0.114     0.717    u_fifo_eth/CLK
                         FDPE                                         r  u_fifo_eth/crc32_reg[17]/C
  -------------------------------------------------------------------    -------------------
                         FDPE (Prop_fdpe_C_Q)         0.147     0.864 r  u_fifo_eth/crc32_reg[17]/Q
                         net (fo=2, unplaced)         0.136     1.000    u_fifo_eth/crc32_reg_n_0_[17]
                         LUT3 (Prop_lut3_I2_O)        0.098     1.098 r  u_fifo_eth/final_crc[9]_i_1/O
                         net (fo=1, unplaced)         0.000     1.098    u_fifo_eth/final_crc0[9]
                         FDRE                                         r  u_fifo_eth/final_crc_reg[9]/D
  -------------------------------------------------------------------    -------------------

                         (clock eth_tx_clk_pin rise edge)
                                                      0.000     0.000 r  <hidden>
    H16                                               0.000     0.000 r  eth_tx_clk
                         net (fo=0)                   0.000     0.000    eth_tx_clk
    H16                  IBUF (Prop_ibuf_I_O)         0.427     0.427 r  eth_tx_clk_IBUF_inst/O
                         net (fo=1, unplaced)         0.356     0.783    eth_tx_clk_IBUF
                         BUFG (Prop_bufg_I_O)         0.029     0.812 r  eth_tx_clk_IBUF_BUFG_inst/O
                         net (fo=120, unplaced)       0.259     1.071    u_fifo_eth/CLK
                         FDRE                                         r  u_fifo_eth/final_crc_reg[9]/C
                         clock pessimism             -0.209     0.862    <hidden>
                         FDRE (Hold_fdre_C_D)         0.099     0.961    u_fifo_eth/final_crc_reg[9]
  -------------------------------------------------------------------
                         required time                         -0.961    <hidden>
                         arrival time                           1.098    <hidden>
  -------------------------------------------------------------------
                         slack                                  0.137    <hidden>





Pulse Width Checks
--------------------------------------------------------------------------------------
Clock Name:         eth_tx_clk_pin
Waveform(ns):       { 0.000 20.000 }
Period(ns):         40.000
Sources:            { eth_tx_clk }

Check Type        Corner  Lib Pin  Reference Pin  Required(ns)  Actual(ns)  Slack(ns)  Location  Pin
Min Period        n/a     BUFG/I   n/a            2.155         40.000      37.845               eth_tx_clk_IBUF_BUFG_inst/I
Low Pulse Width   Slow    FDPE/C   n/a            0.500         20.000      19.500               u_fifo_eth/crc32_reg[0]/C
High Pulse Width  Slow    FDPE/C   n/a            0.500         20.000      19.500               u_fifo_eth/crc32_reg[0]/C



---------------------------------------------------------------------------------------------------
From Clock:  sys_clk_pin
  To Clock:  sys_clk_pin

Setup :            0  Failing Endpoints,  Worst Slack        4.026ns,  Total Violation        0.000ns
Hold  :            0  Failing Endpoints,  Worst Slack        0.093ns,  Total Violation        0.000ns
PW    :            0  Failing Endpoints,  Worst Slack        3.750ns,  Total Violation        0.000ns
---------------------------------------------------------------------------------------------------


Max Delay Paths
--------------------------------------------------------------------------------------
Slack (MET) :             4.026ns  (required time - arrival time)
  Source:                 u_mac/result_reg[0]/C
                            (rising edge-triggered cell FDCE clocked by sys_clk_pin  {rise@0.000ns fall@5.000ns period=10.000ns})
  Destination:            u_lif/membrane_reg[0]/D
                            (rising edge-triggered cell FDCE clocked by sys_clk_pin  {rise@0.000ns fall@5.000ns period=10.000ns})
  Path Group:             sys_clk_pin
  Path Type:              Setup (Max at Slow Process Corner)
  Requirement:            10.000ns  (sys_clk_pin rise@10.000ns - sys_clk_pin rise@0.000ns)
  Data Path Delay:        5.838ns  (logic 3.318ns (56.835%)  route 2.520ns (43.165%))
  Logic Levels:           13  (CARRY4=9 LUT2=2 LUT3=1 LUT5=1)
  Clock Path Skew:        -0.145ns (DCD - SCD + CPR)
    Destination Clock Delay (DCD):    2.704ns = ( 12.704 - 10.000 ) 
    Source Clock Delay      (SCD):    2.965ns
    Clock Pessimism Removal (CPR):    0.116ns
  Clock Uncertainty:      0.035ns  ((TSJ^2 + TIJ^2)^1/2 + DJ) / 2 + PE
    Total System Jitter     (TSJ):    0.071ns
    Total Input Jitter      (TIJ):    0.000ns
    Discrete Jitter          (DJ):    0.000ns
    Phase Error              (PE):    0.000ns

    Location             Delay type                Incr(ns)  Path(ns)    Netlist Resource(s)
  -------------------------------------------------------------------    -------------------
                         (clock sys_clk_pin rise edge)
                                                      0.000     0.000 r  <hidden>
    E3                                                0.000     0.000 r  CLK100MHZ
                         net (fo=0)                   0.000     0.000    CLK100MHZ
    E3                   IBUF (Prop_ibuf_I_O)         1.482     1.482 r  CLK100MHZ_IBUF_inst/O
                         net (fo=1, unplaced)         0.803     2.285    CLK100MHZ_IBUF
                         BUFG (Prop_bufg_I_O)         0.096     2.381 r  CLK100MHZ_IBUF_BUFG_inst/O
                         net (fo=728, unplaced)       0.584     2.965    u_mac/clk
                         FDCE                                         r  u_mac/result_reg[0]/C
  -------------------------------------------------------------------    -------------------
                         FDCE (Prop_fdce_C_Q)         0.478     3.443 r  u_mac/result_reg[0]/Q
                         net (fo=2, unplaced)         0.774     4.217    u_mac/result_reg[31]_0[0]
                         LUT3 (Prop_lut3_I0_O)        0.295     4.512 r  u_mac/next_membrane0__0_carry_i_3/O
                         net (fo=2, unplaced)         0.460     4.972    u_lif/DI[0]
                         LUT5 (Prop_lut5_I4_O)        0.124     5.096 r  u_lif/next_membrane0__0_carry_i_6/O
                         net (fo=1, unplaced)         0.000     5.096    u_lif/next_membrane0__0_carry_i_6_n_0
                         CARRY4 (Prop_carry4_S[1]_CO[3])
                                                      0.533     5.629 r  u_lif/next_membrane0__0_carry/CO[3]
                         net (fo=1, unplaced)         0.000     5.629    u_lif/next_membrane0__0_carry_n_0
                         CARRY4 (Prop_carry4_CI_CO[3])
                                                      0.117     5.746 r  u_lif/next_membrane0__0_carry__0/CO[3]
                         net (fo=1, unplaced)         0.000     5.746    u_lif/next_membrane0__0_carry__0_n_0
                         CARRY4 (Prop_carry4_CI_CO[3])
                                                      0.117     5.863 r  u_lif/next_membrane0__0_carry__1/CO[3]
                         net (fo=1, unplaced)         0.000     5.863    u_lif/next_membrane0__0_carry__1_n_0
                         CARRY4 (Prop_carry4_CI_CO[3])
                                                      0.117     5.980 r  u_lif/next_membrane0__0_carry__2/CO[3]
                         net (fo=1, unplaced)         0.000     5.980    u_lif/next_membrane0__0_carry__2_n_0
                         CARRY4 (Prop_carry4_CI_CO[3])
                                                      0.117     6.097 r  u_lif/next_membrane0__0_carry__3/CO[3]
                         net (fo=1, unplaced)         0.000     6.097    u_lif/next_membrane0__0_carry__3_n_0
                         CARRY4 (Prop_carry4_CI_CO[3])
                                                      0.117     6.214 r  u_lif/next_membrane0__0_carry__4/CO[3]
                         net (fo=1, unplaced)         0.000     6.214    u_lif/next_membrane0__0_carry__4_n_0
                         CARRY4 (Prop_carry4_CI_CO[3])
                                                      0.117     6.331 r  u_lif/next_membrane0__0_carry__5/CO[3]
                         net (fo=1, unplaced)         0.000     6.331    u_lif/next_membrane0__0_carry__5_n_0
                         CARRY4 (Prop_carry4_CI_O[3])
                                                      0.331     6.662 f  u_lif/next_membrane0__0_carry__6/O[3]
                         net (fo=3, unplaced)         0.466     7.128    u_lif/next_membrane[31]
                         LUT2 (Prop_lut2_I1_O)        0.302     7.430 r  u_lif/membrane1_carry__2_i_1/O
                         net (fo=1, unplaced)         0.000     7.430    u_lif/membrane1_carry__2_i_1_n_0
                         CARRY4 (Prop_carry4_DI[3]_CO[3])
                                                      0.429     7.859 f  u_lif/membrane1_carry__2/CO[3]
                         net (fo=33, unplaced)        0.820     8.679    u_lif/CO[0]
                         LUT2 (Prop_lut2_I1_O)        0.124     8.803 r  u_lif/membrane[0]_i_1/O
                         net (fo=1, unplaced)         0.000     8.803    u_lif/membrane_out[0]
                         FDCE                                         r  u_lif/membrane_reg[0]/D
  -------------------------------------------------------------------    -------------------

                         (clock sys_clk_pin rise edge)
                                                     10.000    10.000 r  <hidden>
    E3                                                0.000    10.000 r  CLK100MHZ
                         net (fo=0)                   0.000    10.000    CLK100MHZ
    E3                   IBUF (Prop_ibuf_I_O)         1.411    11.411 r  CLK100MHZ_IBUF_inst/O
                         net (fo=1, unplaced)         0.763    12.174    CLK100MHZ_IBUF
                         BUFG (Prop_bufg_I_O)         0.091    12.265 r  CLK100MHZ_IBUF_BUFG_inst/O
                         net (fo=728, unplaced)       0.439    12.704    u_lif/clk
                         FDCE                                         r  u_lif/membrane_reg[0]/C
                         clock pessimism              0.116    12.820    <hidden>
                         clock uncertainty           -0.035    12.784    <hidden>
                         FDCE (Setup_fdce_C_D)        0.044    12.828    u_lif/membrane_reg[0]
  -------------------------------------------------------------------
                         required time                         12.828    <hidden>
                         arrival time                          -8.803    <hidden>
  -------------------------------------------------------------------
                         slack                                  4.026    <hidden>





Min Delay Paths
--------------------------------------------------------------------------------------
Slack (MET) :             0.093ns  (arrival time - required time)
  Source:                 u_fifo_eth/fifo_din_int_reg[0]/C
                            (rising edge-triggered cell FDCE clocked by sys_clk_pin  {rise@0.000ns fall@5.000ns period=10.000ns})
  Destination:            u_fifo_eth/fifo_mem_reg_0_63_0_2/RAMA/I
                            (rising edge-triggered cell RAMD64E clocked by sys_clk_pin  {rise@0.000ns fall@5.000ns period=10.000ns})
  Path Group:             sys_clk_pin
  Path Type:              Hold (Min at Fast Process Corner)
  Requirement:            0.000ns  (sys_clk_pin rise@0.000ns - sys_clk_pin rise@0.000ns)
  Data Path Delay:        0.332ns  (logic 0.147ns (44.327%)  route 0.185ns (55.673%))
  Logic Levels:           0  
  Clock Path Skew:        0.145ns (DCD - SCD - CPR)
    Destination Clock Delay (DCD):    1.082ns
    Source Clock Delay      (SCD):    0.728ns
    Clock Pessimism Removal (CPR):    0.209ns

    Location             Delay type                Incr(ns)  Path(ns)    Netlist Resource(s)
  -------------------------------------------------------------------    -------------------
                         (clock sys_clk_pin rise edge)
                                                      0.000     0.000 r  <hidden>
    E3                                                0.000     0.000 r  CLK100MHZ
                         net (fo=0)                   0.000     0.000    CLK100MHZ
    E3                   IBUF (Prop_ibuf_I_O)         0.250     0.250 r  CLK100MHZ_IBUF_inst/O
                         net (fo=1, unplaced)         0.338     0.588    CLK100MHZ_IBUF
                         BUFG (Prop_bufg_I_O)         0.026     0.614 r  CLK100MHZ_IBUF_BUFG_inst/O
                         net (fo=728, unplaced)       0.114     0.728    u_fifo_eth/CLK100MHZ_IBUF_BUFG
                         FDCE                                         r  u_fifo_eth/fifo_din_int_reg[0]/C
  -------------------------------------------------------------------    -------------------
                         FDCE (Prop_fdce_C_Q)         0.147     0.875 r  u_fifo_eth/fifo_din_int_reg[0]/Q
                         net (fo=16, unplaced)        0.185     1.060    u_fifo_eth/fifo_mem_reg_0_63_0_2/DIA
                         RAMD64E                                      r  u_fifo_eth/fifo_mem_reg_0_63_0_2/RAMA/I
  -------------------------------------------------------------------    -------------------

                         (clock sys_clk_pin rise edge)
                                                      0.000     0.000 r  <hidden>
    E3                                                0.000     0.000 r  CLK100MHZ
                         net (fo=0)                   0.000     0.000    CLK100MHZ
    E3                   IBUF (Prop_ibuf_I_O)         0.438     0.438 r  CLK100MHZ_IBUF_inst/O
                         net (fo=1, unplaced)         0.356     0.794    CLK100MHZ_IBUF
                         BUFG (Prop_bufg_I_O)         0.029     0.823 r  CLK100MHZ_IBUF_BUFG_inst/O
                         net (fo=728, unplaced)       0.259     1.082    u_fifo_eth/fifo_mem_reg_0_63_0_2/WCLK
                         RAMD64E                                      r  u_fifo_eth/fifo_mem_reg_0_63_0_2/RAMA/CLK
                         clock pessimism             -0.209     0.873    <hidden>
                         RAMD64E (Hold_ramd64e_CLK_I)
                                                      0.094     0.967    u_fifo_eth/fifo_mem_reg_0_63_0_2/RAMA
  -------------------------------------------------------------------
                         required time                         -0.967    <hidden>
                         arrival time                           1.060    <hidden>
  -------------------------------------------------------------------
                         slack                                  0.093    <hidden>





Pulse Width Checks
--------------------------------------------------------------------------------------
Clock Name:         sys_clk_pin
Waveform(ns):       { 0.000 5.000 }
Period(ns):         10.000
Sources:            { CLK100MHZ }

Check Type        Corner  Lib Pin             Reference Pin  Required(ns)  Actual(ns)  Slack(ns)  Location  Pin
Min Period        n/a     RAMB36E1/CLKARDCLK  n/a            2.944         10.000      7.056                u_weight_bram/mem_reg_0/CLKARDCLK
Low Pulse Width   Slow    RAMD64E/CLK         n/a            1.250         5.000       3.750                u_fifo_eth/fifo_mem_reg_0_63_0_2/RAMA/CLK
High Pulse Width  Slow    RAMD64E/CLK         n/a            1.250         5.000       3.750                u_fifo_eth/fifo_mem_reg_0_63_0_2/RAMA/CLK



---------------------------------------------------------------------------------------------------
Path Group:  **async_default**
From Clock:  sys_clk_pin
  To Clock:  sys_clk_pin

Setup :            0  Failing Endpoints,  Worst Slack        7.536ns,  Total Violation        0.000ns
Hold  :            0  Failing Endpoints,  Worst Slack        0.659ns,  Total Violation        0.000ns
---------------------------------------------------------------------------------------------------


Max Delay Paths
--------------------------------------------------------------------------------------
Slack (MET) :             7.536ns  (required time - arrival time)
  Source:                 rst_n_sync1_reg/C
                            (rising edge-triggered cell FDCE clocked by sys_clk_pin  {rise@0.000ns fall@5.000ns period=10.000ns})
  Destination:            u_fifo_eth/last_host_mac_reg[0]/PRE
                            (recovery check against rising-edge clock sys_clk_pin  {rise@0.000ns fall@5.000ns period=10.000ns})
  Path Group:             **async_default**
  Path Type:              Recovery (Max at Slow Process Corner)
  Requirement:            10.000ns  (sys_clk_pin rise@10.000ns - sys_clk_pin rise@0.000ns)
  Data Path Delay:        1.890ns  (logic 0.773ns (40.899%)  route 1.117ns (59.101%))
  Logic Levels:           1  (LUT1=1)
  Clock Path Skew:        -0.145ns (DCD - SCD + CPR)
    Destination Clock Delay (DCD):    2.704ns = ( 12.704 - 10.000 ) 
    Source Clock Delay      (SCD):    2.965ns
    Clock Pessimism Removal (CPR):    0.116ns
  Clock Uncertainty:      0.035ns  ((TSJ^2 + TIJ^2)^1/2 + DJ) / 2 + PE
    Total System Jitter     (TSJ):    0.071ns
    Total Input Jitter      (TIJ):    0.000ns
    Discrete Jitter          (DJ):    0.000ns
    Phase Error              (PE):    0.000ns

    Location             Delay type                Incr(ns)  Path(ns)    Netlist Resource(s)
  -------------------------------------------------------------------    -------------------
                         (clock sys_clk_pin rise edge)
                                                      0.000     0.000 r  <hidden>
    E3                                                0.000     0.000 r  CLK100MHZ
                         net (fo=0)                   0.000     0.000    CLK100MHZ
    E3                   IBUF (Prop_ibuf_I_O)         1.482     1.482 r  CLK100MHZ_IBUF_inst/O
                         net (fo=1, unplaced)         0.803     2.285    CLK100MHZ_IBUF
                         BUFG (Prop_bufg_I_O)         0.096     2.381 r  CLK100MHZ_IBUF_BUFG_inst/O
                         net (fo=728, unplaced)       0.584     2.965    CLK100MHZ_IBUF_BUFG
                         FDCE                                         r  rst_n_sync1_reg/C
  -------------------------------------------------------------------    -------------------
                         FDCE (Prop_fdce_C_Q)         0.478     3.443 r  rst_n_sync1_reg/Q
                         net (fo=23, unplaced)        0.374     3.817    u_fifo_eth/rst_n_sync1
                         LUT1 (Prop_lut1_I0_O)        0.295     4.112 f  u_fifo_eth/phy_rstn_reg_i_2/O
                         net (fo=415, unplaced)       0.743     4.855    u_fifo_eth/rst_n_sync1_reg
                         FDPE                                         f  u_fifo_eth/last_host_mac_reg[0]/PRE
  -------------------------------------------------------------------    -------------------

                         (clock sys_clk_pin rise edge)
                                                     10.000    10.000 r  <hidden>
    E3                                                0.000    10.000 r  CLK100MHZ
                         net (fo=0)                   0.000    10.000    CLK100MHZ
    E3                   IBUF (Prop_ibuf_I_O)         1.411    11.411 r  CLK100MHZ_IBUF_inst/O
                         net (fo=1, unplaced)         0.763    12.174    CLK100MHZ_IBUF
                         BUFG (Prop_bufg_I_O)         0.091    12.265 r  CLK100MHZ_IBUF_BUFG_inst/O
                         net (fo=728, unplaced)       0.439    12.704    u_fifo_eth/CLK100MHZ_IBUF_BUFG
                         FDPE                                         r  u_fifo_eth/last_host_mac_reg[0]/C
                         clock pessimism              0.116    12.820    <hidden>
                         clock uncertainty           -0.035    12.784    <hidden>
                         FDPE (Recov_fdpe_C_PRE)     -0.394    12.390    u_fifo_eth/last_host_mac_reg[0]
  -------------------------------------------------------------------
                         required time                         12.390    <hidden>
                         arrival time                          -4.855    <hidden>
  -------------------------------------------------------------------
                         slack                                  7.536    <hidden>





Min Delay Paths
--------------------------------------------------------------------------------------
Slack (MET) :             0.659ns  (arrival time - required time)
  Source:                 rst_n_sync1_reg/C
                            (rising edge-triggered cell FDCE clocked by sys_clk_pin  {rise@0.000ns fall@5.000ns period=10.000ns})
  Destination:            u_fifo_eth/bram_addr_reg[0]/CLR
                            (removal check against rising-edge clock sys_clk_pin  {rise@0.000ns fall@5.000ns period=10.000ns})
  Path Group:             **async_default**
  Path Type:              Removal (Min at Fast Process Corner)
  Requirement:            0.000ns  (sys_clk_pin rise@0.000ns - sys_clk_pin rise@0.000ns)
  Data Path Delay:        0.716ns  (logic 0.245ns (34.226%)  route 0.471ns (65.774%))
  Logic Levels:           1  (LUT1=1)
  Clock Path Skew:        0.145ns (DCD - SCD - CPR)
    Destination Clock Delay (DCD):    1.082ns
    Source Clock Delay      (SCD):    0.728ns
    Clock Pessimism Removal (CPR):    0.209ns

    Location             Delay type                Incr(ns)  Path(ns)    Netlist Resource(s)
  -------------------------------------------------------------------    -------------------
                         (clock sys_clk_pin rise edge)
                                                      0.000     0.000 r  <hidden>
    E3                                                0.000     0.000 r  CLK100MHZ
                         net (fo=0)                   0.000     0.000    CLK100MHZ
    E3                   IBUF (Prop_ibuf_I_O)         0.250     0.250 r  CLK100MHZ_IBUF_inst/O
                         net (fo=1, unplaced)         0.338     0.588    CLK100MHZ_IBUF
                         BUFG (Prop_bufg_I_O)         0.026     0.614 r  CLK100MHZ_IBUF_BUFG_inst/O
                         net (fo=728, unplaced)       0.114     0.728    CLK100MHZ_IBUF_BUFG
                         FDCE                                         r  rst_n_sync1_reg/C
  -------------------------------------------------------------------    -------------------
                         FDCE (Prop_fdce_C_Q)         0.147     0.875 r  rst_n_sync1_reg/Q
                         net (fo=23, unplaced)        0.158     1.033    u_fifo_eth/rst_n_sync1
                         LUT1 (Prop_lut1_I0_O)        0.098     1.131 f  u_fifo_eth/phy_rstn_reg_i_2/O
                         net (fo=415, unplaced)       0.313     1.444    u_fifo_eth/rst_n_sync1_reg
                         FDCE                                         f  u_fifo_eth/bram_addr_reg[0]/CLR
  -------------------------------------------------------------------    -------------------

                         (clock sys_clk_pin rise edge)
                                                      0.000     0.000 r  <hidden>
    E3                                                0.000     0.000 r  CLK100MHZ
                         net (fo=0)                   0.000     0.000    CLK100MHZ
    E3                   IBUF (Prop_ibuf_I_O)         0.438     0.438 r  CLK100MHZ_IBUF_inst/O
                         net (fo=1, unplaced)         0.356     0.794    CLK100MHZ_IBUF
                         BUFG (Prop_bufg_I_O)         0.029     0.823 r  CLK100MHZ_IBUF_BUFG_inst/O
                         net (fo=728, unplaced)       0.259     1.082    u_fifo_eth/CLK100MHZ_IBUF_BUFG
                         FDCE                                         r  u_fifo_eth/bram_addr_reg[0]/C
                         clock pessimism             -0.209     0.873    <hidden>
                         FDCE (Remov_fdce_C_CLR)     -0.088     0.785    u_fifo_eth/bram_addr_reg[0]
  -------------------------------------------------------------------
                         required time                         -0.785    <hidden>
                         arrival time                           1.444    <hidden>
  -------------------------------------------------------------------
                         slack                                  0.659    <hidden>





